// Jest Snapshot v1, https://goo.gl/fbAQLP

exports[`Test that InfoBox renders as expected 1`] = `
<section
  className="info-box"
>
  <h1
    className="component-header"
  >
    the title
  </h1>
  <p>
    the text
  </p>
</section>
`;
